<html>
<body>
<pre>
<h1>µVision Build Log</h1>
<h2>Project:</h2>
\\filer1.egr.msu.edu\cifs.homedir\dotwindows\Desktop\TIM_KL25Z\TIM_KL25Z.uvprojx
Project File Date:  03/10/2016

<h2>Output:</h2>
Build target 'Target 1'
compiling main.c...
source\main.c(170): warning:  #177-D: variable "pinData" was declared but never referenced
        uint16_t pinData;
source\main.c: 1 warning, 0 errors
compiling packetGen.c...
compiling periph_initialization.c...
linking...
Program Size: Code=2886 RO-data=1318 RW-data=28 ZI-data=1660  
".\TIM_KL25Z.axf" - 0 Error(s), 1 Warning(s).

<h2>Software Packages used:</h2>

Package Vendor: ARM
                http://www.keil.com/pack/ARM.CMSIS.4.1.1.pack
                ARM::CMSIS:CORE:3.30.0
                CMSIS (Cortex Microcontroller Software Interface Standard)
   * Component: CORE Version: 3.30.0

Package Vendor: Keil
                http://www.keil.com/pack/Keil.Kinetis_KLxx_DFP.1.2.0.pack
                Keil::Device:Startup:1.0.0
                Freescale Kinetis KLxx Series Device Support and Examples
   * Component: Startup Version: 1.0.0

<h2>Collection of Component include folders:</h2>
  \\filer1.egr.msu.edu\cifs.homedir\dotwindows\Desktop\TIM_KL25Z\RTE
  C:\Programs\Keil\ARM\PACK\ARM\CMSIS\4.1.1\CMSIS\Include
  C:\Programs\Keil\ARM\PACK\Keil\Kinetis_KLxx_DFP\1.2.0\Device\Include

<h2>Collection of Component Files used:</h2>

   * Component: ARM::CMSIS:CORE:3.30.0
      Source file:   CMSIS\UserCodeTemplates\ARM\ITM_Retarget.c

   * Component: Keil::Device:Startup:1.0.0
      Source file:   Device\Source\ARM\startup_MKL25Z4.s
      Source file:   Device\Source\system_MKL25Z4.c
Clean started: Project: 'TIM_KL25Z'
   deleting intermediate output files for target 'Target 1'
E:3.30.0
      Source file:   CMSIS\UserCodeTemplates\ARM\ITM_Retarget.c

   * Component: Keil::Device:Startup:1.0.0
      Source file:   Device\Source\ARM\startup_MKL25Z4.s
      Source file:   Device\Source\system_MKL25Z4.c
Target not created
