******************************************************************************
                  TI ARM Linker PC v5.1.6                      
******************************************************************************
>> Linked Thu Feb 05 10:54:44 2015

OUTPUT FILE NAME:   <TIMWARE.out>
ENTRY POINT SYMBOL: "_c_int00"  address: 00000a5d


MEMORY CONFIGURATION

         name            origin    length      used     unused   attr    fill
----------------------  --------  ---------  --------  --------  ----  --------
  FLASH                 00000000   00040000  00000ca0  0003f360  R  X
  SRAM                  20000000   00008000  00000898  00007768  RW X


SEGMENT ALLOCATION MAP

run origin  load origin   length   init length attrs members
----------  ----------- ---------- ----------- ----- -------
00000000    00000000    00000ca4   00000ca4    r-x
  00000000    00000000    0000026c   0000026c    r-- .intvecs
  0000026c    0000026c    000009a8   000009a8    r-x .text
  00000c18    00000c18    0000008c   0000008c    r-- .cinit
20000000    20000000    00000898   00000000    rw-
  20000000    20000000    00000800   00000000    rw- .stack
  20000800    20000800    00000098   00000000    rw- .data


SECTION ALLOCATION MAP

 output                                  attributes/
section   page    origin      length       input sections
--------  ----  ----------  ----------   ----------------
.intvecs   0    00000000    0000026c     
                  00000000    0000026c     tm4c123gh6pm_startup_ccs.obj (.intvecs)

.init_array 
*          0    00000000    00000000     UNINITIALIZED

.text      0    0000026c    000009a8     
                  0000026c    00000440     tim_main.obj (.text)
                  000006ac    00000130     driverlib.lib : gpio.obj (.text:GPIOPadConfigSet)
                  000007dc    000000f0                   : sysctl.obj (.text:SysCtlClockSet)
                  000008cc    0000009c     rtsv7M4_T_le_v4SPD16_eabi.lib : memcpy_t2.obj (.text)
                  00000968    00000094                                   : auto_init.obj (.text)
                  000009fc    0000005e                                   : copy_decompress_rle.obj (.text)
                  00000a5a    00000002     --HOLE-- [fill = 0]
                  00000a5c    00000048                                   : boot.obj (.text)
                  00000aa4    00000044                                   : cpy_tbl.obj (.text)
                  00000ae8    00000044                                   : exit.obj (.text)
                  00000b2c    00000034     driverlib.lib : sysctl.obj (.text:SysCtlPeripheralEnable)
                  00000b60    0000002a                   : gpio.obj (.text:GPIODirModeSet)
                  00000b8a    00000018                   : gpio.obj (.text:GPIOPinTypeGPIOOutput)
                  00000ba2    00000002     --HOLE-- [fill = 0]
                  00000ba4    00000018     rtsv7M4_T_le_v4SPD16_eabi.lib : args_main.obj (.text)
                  00000bbc    00000014                                   : _lock.obj (.text)
                  00000bd0    00000012     driverlib.lib : gpio.obj (.text:GPIOPinTypeGPIOInput)
                  00000be2    0000000e     rtsv7M4_T_le_v4SPD16_eabi.lib : copy_decompress_none.obj (.text:decompress:none)
                  00000bf0    0000000c     tm4c123gh6pm_startup_ccs.obj (.text)
                  00000bfc    00000006     driverlib.lib : gpio.obj (.text:GPIOPinRead)
                  00000c02    00000006                   : gpio.obj (.text:GPIOPinWrite)
                  00000c08    00000006                   : sysctl.obj (.text:SysCtlDelay)
                  00000c0e    00000006     rtsv7M4_T_le_v4SPD16_eabi.lib : copy_decompress_rle.obj (.text:decompress:rle24)

.cinit     0    00000c18    0000008c     
                  00000c18    00000079     (.cinit..data.load) [load image, compression = rle]
                  00000c91    00000003     --HOLE-- [fill = 0]
                  00000c94    00000008     (__TI_handler_table)
                  00000c9c    00000008     (__TI_cinit_table)

.stack     0    20000000    00000800     UNINITIALIZED
                  20000000    00000800     --HOLE--

.data      0    20000800    00000098     UNINITIALIZED
                  20000800    00000082     tim_main.obj (.data)
                  20000882    00000002     --HOLE--
                  20000884    00000008     rtsv7M4_T_le_v4SPD16_eabi.lib : _lock.obj (.data)
                  2000088c    00000008                                   : exit.obj (.data)
                  20000894    00000004                                   : stkdepth_vars.obj (.data)


LINKER GENERATED COPY TABLES

__TI_cinit_table @ 00000c9c records: 1, size/record: 8, table size: 8
	.data: load addr=00000c18, load size=00000079 bytes, run addr=20000800, run size=00000098 bytes, compression=rle


LINKER GENERATED HANDLER TABLE

__TI_handler_table @ 00000c94 records: 2, size/record: 4, table size: 8
	index: 0, handler: __TI_decompress_rle24
	index: 1, handler: __TI_decompress_none


GLOBAL SYMBOLS: SORTED ALPHABETICALLY BY Name 

address    name
--------   ----
00000ae9   C$$EXIT
0000031f   CreateOne
000002f7   CreateZero
00000b61   GPIODirModeSet
000006ad   GPIOPadConfigSet
00000bfd   GPIOPinRead
00000bd1   GPIOPinTypeGPIOInput
00000b8b   GPIOPinTypeGPIOOutput
00000c03   GPIOPinWrite
000002d9   Preamble
00000bf1   ResetISR
UNDEFED    SHT$$INIT_ARRAY$$Base
UNDEFED    SHT$$INIT_ARRAY$$Limit
000007dd   SysCtlClockSet
00000c09   SysCtlDelay
00000b2d   SysCtlPeripheralEnable
00000475   UpdateTrains
00000347   UpdateTurnouts
20000800   __STACK_END
00000800   __STACK_SIZE
20000200   __STACK_TOP
00000c9c   __TI_CINIT_Base
00000ca4   __TI_CINIT_Limit
00000c94   __TI_Handler_Table_Base
00000c9c   __TI_Handler_Table_Limit
00000001   __TI_args_main
00000969   __TI_auto_init
2000088c   __TI_cleanup_ptr
00000be3   __TI_decompress_none
00000c0f   __TI_decompress_rle24
20000890   __TI_dtors_ptr
00000000   __TI_static_base__
000008cd   __aeabi_memcpy
000008cd   __aeabi_memcpy4
000008cd   __aeabi_memcpy8
ffffffff   __binit__
ffffffff   __c_args__
20000000   __stack
00000ba5   _args_main
00000a5d   _c_int00
20000884   _lock
00000bcb   _nop
00000bc3   _register_lock
00000bbd   _register_unlock
20000888   _unlock
00000aed   abort
ffffffff   binit
00000aa5   copy_in
00000af5   exit
00000000   g_pfnVectors
0000026d   main
20000894   main_func_sp
000008cd   memcpy
2000087c   train_addr2
2000087d   train_addr3
2000087e   train_command2
2000087f   train_command3
20000880   train_error2
20000881   train_error3
20000878   train_state
20000838   turnout_addr2_close
20000854   turnout_addr2_open
20000874   turnout_addr2_state
20000800   turnout_addr3_close
2000081c   turnout_addr3_open
20000870   turnout_addr3_state


GLOBAL SYMBOLS: SORTED BY Symbol Address 

address    name
--------   ----
00000000   __TI_static_base__
00000000   g_pfnVectors
00000001   __TI_args_main
0000026d   main
000002d9   Preamble
000002f7   CreateZero
0000031f   CreateOne
00000347   UpdateTurnouts
00000475   UpdateTrains
000006ad   GPIOPadConfigSet
000007dd   SysCtlClockSet
00000800   __STACK_SIZE
000008cd   __aeabi_memcpy
000008cd   __aeabi_memcpy4
000008cd   __aeabi_memcpy8
000008cd   memcpy
00000969   __TI_auto_init
00000a5d   _c_int00
00000aa5   copy_in
00000ae9   C$$EXIT
00000aed   abort
00000af5   exit
00000b2d   SysCtlPeripheralEnable
00000b61   GPIODirModeSet
00000b8b   GPIOPinTypeGPIOOutput
00000ba5   _args_main
00000bbd   _register_unlock
00000bc3   _register_lock
00000bcb   _nop
00000bd1   GPIOPinTypeGPIOInput
00000be3   __TI_decompress_none
00000bf1   ResetISR
00000bfd   GPIOPinRead
00000c03   GPIOPinWrite
00000c09   SysCtlDelay
00000c0f   __TI_decompress_rle24
00000c94   __TI_Handler_Table_Base
00000c9c   __TI_CINIT_Base
00000c9c   __TI_Handler_Table_Limit
00000ca4   __TI_CINIT_Limit
20000000   __stack
20000200   __STACK_TOP
20000800   __STACK_END
20000800   turnout_addr3_close
2000081c   turnout_addr3_open
20000838   turnout_addr2_close
20000854   turnout_addr2_open
20000870   turnout_addr3_state
20000874   turnout_addr2_state
20000878   train_state
2000087c   train_addr2
2000087d   train_addr3
2000087e   train_command2
2000087f   train_command3
20000880   train_error2
20000881   train_error3
20000884   _lock
20000888   _unlock
2000088c   __TI_cleanup_ptr
20000890   __TI_dtors_ptr
20000894   main_func_sp
ffffffff   __binit__
ffffffff   __c_args__
ffffffff   binit
UNDEFED    SHT$$INIT_ARRAY$$Base
UNDEFED    SHT$$INIT_ARRAY$$Limit

[66 symbols]
